// Jest Snapshot v1, https://goo.gl/fbAQLP

exports[`Footer renders correctly 1`] = `
<div
  className="footer"
>
  <div
    className="text"
  >
    A website made by Fernando Ferreira Remde Â© | ffremde@gmail.com | Porto Alegre, Brazil
  </div>
</div>
`;
