// Jest Snapshot v1, https://goo.gl/fbAQLP

exports[`Layout renders correctly 1`] = `
<div
  style={
    Object {
      "fontFamily": "Roboto Condensed",
    }
  }
>
  <main />
</div>
`;
